error: No api implementation given!
  --> $DIR/empty_impl_runtime_apis_call.rs:17:1
   |
17 | mp_api::impl_runtime_apis! {}
   | ^^^^^^^^^^^^^^^^^^^^^^^^^^^^^
   |
   = note: this error originates in the macro `mp_api::impl_runtime_apis` (in Nightly builds, run with -Z macro-backtrace for more info)
